// Jest Snapshot v1, https://goo.gl/fbAQLP

exports[`renders correctly 1`] = `
<View
  data-class="Test__parent"
  style={
    Array [
      undefined,
      undefined,
    ]
  }
>
  <View
    data-class="Test__child"
    style={
      Array [
        undefined,
        undefined,
      ]
    }
  />
</View>
`;
